& : 无法将“node.exe”项识别为 cmdlet、函数、脚本文件或可运行程序的名称。请检查名称的拼写，如果包括路径，请确保路径正确，然后再试一次。
所在位置 C:\Users\cnu07hws\fun-harness\worktrees\init-enhance\apps\node_modules\.bi
n\tsc.ps1:24 字符: 7
+     & "node$exe"  "$basedir/../typescript/bin/tsc" $args
+       ~~~~~~~~~~
    + CategoryInfo          : ObjectNotFound: (node.exe:String) [], CommandNot 
   FoundException
    + FullyQualifiedErrorId : CommandNotFoundException
 
